    Checking lexical-util v1.0.7
    Checking memchr v2.8.3
    Checking minimal-lexical v0.2.1
    Checking pin-project-lite v0.2.17
    Checking futures-task v0.3.34
    Checking futures-core v0.3.34
    Checking slab v0.4.12
    Checking itoa v1.0.18
    Checking fast-float2 v0.2.4
    Checking smallvec v1.16.2
    Checking rustc-hash v2.1.3
    Checking thiserror v2.0.21
    Checking serde_core v1.0.229
    Checking zmij v1.0.23
    Checking futures-util v0.3.34
    Checking lexical-parse-integer v1.0.6
    Checking lexical-write-integer v1.0.6
    Checking nom v7.1.3
    Checking lexical-parse-float v1.0.6
    Checking lexical-write-float v1.0.6
    Checking lexical-core v1.0.6
    Checking ifc-lite-core v20.2.0 (/home/louistrue/wt/6537-owner-cache-review-session6503/rust/core)
    Checking serde_json v1.0.151
    Checking ifclite-prepass-projection-census-6537 v0.0.0 (/tmp/6232-takeover/6537-prepass-projection-census)
    Finished `release` profile [optimized + debuginfo] target(s) in 2.82s
