   Compiling autocfg v1.5.0
   Compiling proc-macro2 v1.0.106
   Compiling quote v1.0.45
   Compiling unicode-ident v1.0.24
   Compiling typenum v1.20.0
   Compiling version_check v0.9.5
   Compiling lexical-util v1.0.7
   Compiling crossbeam-utils v0.8.21
   Compiling simd-adler32 v0.3.9
   Compiling libm v0.2.16
   Compiling bytemuck v1.25.2
   Compiling crc32fast v1.5.0
   Compiling serde_core v1.0.229
   Compiling adler2 v2.0.1
   Compiling cfg-if v1.0.4
   Compiling pin-project-lite v0.2.17
   Compiling either v1.15.0
   Compiling rayon-core v1.13.0
   Compiling thiserror v2.0.21
   Compiling memchr v2.8.3
   Compiling futures-task v0.3.34
   Compiling rawpointer v0.2.1
   Compiling slab v0.4.12
   Compiling futures-core v0.3.34
   Compiling serde v1.0.229
   Compiling minimal-lexical v0.2.1
   Compiling bnum v0.14.4
   Compiling zmij v1.0.21
   Compiling serde_json v1.0.151
   Compiling safe_arch v1.0.0
   Compiling miniz_oxide v0.9.1
   Compiling miniz_oxide v0.8.9
   Compiling fdeflate v0.3.7
   Compiling rustc-hash v2.1.3
   Compiling itertools v0.14.0
   Compiling once_cell v1.21.4
   Compiling smallvec v1.16.2
   Compiling i_key_sort v0.11.0
   Compiling lexical-write-integer v1.0.6
   Compiling lexical-parse-integer v1.0.6
   Compiling i_tree v0.19.0
   Compiling nom v7.1.3
   Compiling fast-float2 v0.2.4
   Compiling wide v1.4.0
   Compiling lexical-parse-float v1.0.6
   Compiling bitflags v2.11.1
   Compiling tracing-core v0.1.36
   Compiling lexical-write-float v1.0.6
   Compiling cpufeatures v0.2.17
   Compiling geometry-predicates v0.3.0
   Compiling jpeg-decoder v0.3.2
   Compiling itoa v1.0.18
   Compiling generic-array v0.14.7
   Compiling flate2 v1.1.10
   Compiling num-traits v0.2.19
   Compiling matrixmultiply v0.3.10
   Compiling lexical-core v1.0.6
   Compiling crossbeam-epoch v0.9.18
   Compiling png v0.18.1
   Compiling crossbeam-deque v0.8.6
   Compiling syn v3.0.2
   Compiling syn v2.0.117
   Compiling i_float v4.1.0
   Compiling crypto-common v0.1.7
   Compiling block-buffer v0.10.4
   Compiling digest v0.10.7
   Compiling i_shape v4.0.0
   Compiling rayon v1.12.0
   Compiling sha2 v0.10.9
   Compiling num-integer v0.1.46
   Compiling approx v0.5.1
   Compiling num-complex v0.4.6
   Compiling earcutr v0.5.0
   Compiling num-bigint v0.4.6
   Compiling i_overlay v8.1.2
   Compiling simba v0.10.0
   Compiling num-rational v0.4.2
   Compiling nalgebra v0.35.0
   Compiling thiserror-impl v2.0.21
   Compiling futures-macro v0.3.34
   Compiling serde_derive v1.0.229
   Compiling tracing-attributes v0.1.31
   Compiling futures-util v0.3.34
   Compiling ifc-lite-core v20.3.0 (/home/louistrue/wt/6537-prepass-census-session6503/rust/core)
   Compiling tracing v0.1.44
   Compiling ifc-lite-geometry v20.3.0 (/home/louistrue/wt/6537-prepass-census-session6503/rust/geometry)
   Compiling ifc-lite-processing v20.3.0 (/home/louistrue/wt/6537-prepass-census-session6503/rust/processing)
    Finished `release` profile [optimized] target(s) in 39.56s
