@ifc-lite/export:test: cache bypass, force executing 22595e94a5d29fbb
@ifc-lite/export:test: 
@ifc-lite/export:test: > @ifc-lite/export@4.9.0 test /tmp/6232-quantity-history-fix/packages/export
@ifc-lite/export:test: > vitest run quantity-unit-generation.test.ts
@ifc-lite/export:test: 
@ifc-lite/export:test: (!) Your Vite config uses features that are unsupported by `configLoader: 'native'`, which is planned to become the default in a future major version of Vite:
@ifc-lite/export:test:   - `__dirname` (vitest.config.ts:16:58). Use `import.meta.dirname` instead
@ifc-lite/export:test: Set `VITE_CONFIG_NATIVE_IGNORE_WARNING=true` to suppress this warning.
@ifc-lite/export:test: 
@ifc-lite/export:test:  RUN  v4.1.11 /tmp/6232-quantity-history-fix/packages/export
@ifc-lite/export:test: 
@ifc-lite/export:test:  ❯ src/quantity-unit-generation.test.ts (1 test | 1 failed) 52ms
@ifc-lite/export:test:    × #6232 generated quantities retain an existing resolvable metre unit through actual export and parser 51ms
@ifc-lite/export:test: 
@ifc-lite/export:test: ⎯⎯⎯⎯⎯⎯⎯ Failed Tests 1 ⎯⎯⎯⎯⎯⎯⎯
@ifc-lite/export:test: 
@ifc-lite/export:test:  FAIL  src/quantity-unit-generation.test.ts > #6232 generated quantities retain an existing resolvable metre unit through actual export and parser
@ifc-lite/export:test: AssertionError: expected null to be 2 // Object.is equality
@ifc-lite/export:test: 
@ifc-lite/export:test: - Expected:
@ifc-lite/export:test: 2
@ifc-lite/export:test: 
@ifc-lite/export:test: + Received:
@ifc-lite/export:test: null
@ifc-lite/export:test: 
@ifc-lite/export:test:  ❯ src/quantity-unit-generation.test.ts:23:29
@ifc-lite/export:test:      21|   const parsed=await new IfcParser().parseColumnar(exported.slice().bu…
@ifc-lite/export:test:      22|   const row=[...getCompleteEntityIndex(parsed)].map(([expressId, locat…
@ifc-lite/export:test:      23|   expect(row.attributes[2]).toBe(metre);
@ifc-lite/export:test:        |                             ^
@ifc-lite/export:test:      24|   expect(row.attributes[3]).toBe(2.5);
@ifc-lite/export:test:      25|   expect(extractor.extractEntity(parsed.entityIndex.byId.get(metre)!)!…
@ifc-lite/export:test: 
@ifc-lite/export:test: ⎯⎯⎯⎯⎯⎯⎯⎯⎯⎯⎯⎯⎯⎯⎯⎯⎯⎯⎯⎯⎯⎯⎯⎯[1/1]⎯
@ifc-lite/export:test: 
@ifc-lite/export:test: 
@ifc-lite/export:test:  Test Files  1 failed (1)
@ifc-lite/export:test:       Tests  1 failed (1)
@ifc-lite/export:test:    Start at  16:58:26
@ifc-lite/export:test:    Duration  3.07s (transform 2.47s, setup 0ms, import 2.94s, tests 52ms, environment 0ms)
@ifc-lite/export:test: 
@ifc-lite/export:test:  ELIFECYCLE  Test failed. See above for more details.
